
==================================================
        CachyOS Personal Setup Installer
        2026-09-15 23:25:29
==================================================

Repository: /home/sakib/cachyos-setup

--------------------------------------------------
[1/10] Updating system
--------------------------------------------------
:: Synchronizing package databases...
 cachyos-v3 downloading...
 cachyos-extra-v3 downloading...
 cachyos-core-v3 downloading...
 cachyos downloading...
 core downloading...
 extra downloading...
 multilib downloading...
:: Starting full system upgrade...
resolving dependencies...
looking for conflicting packages...

Package (15)                      Old Version  New Version   Net Change  Download Size

extra/bpf                         7.2.5-1      7.2.6-1         0.00 MiB       1.93 MiB
cachyos/cachy-update              4.2.0-1      4.4.0-1         0.03 MiB       1.76 MiB
extra/cpupower                    7.2.5-1      7.2.6-1         0.00 MiB       0.21 MiB
extra/discord                     1:1.0.157-1  1:1.0.158-1     0.00 MiB       1.94 MiB
cachyos-extra-v3/gcr-4            4.4.0.1-1.1  4.4.1-1.1       0.06 MiB       0.57 MiB
multilib/lib32-libldap            2.6.13-1     2.7.1-1         0.02 MiB       0.16 MiB
cachyos-extra-v3/libadwaita       1:1.9.3-1.1  1:1.9.4-1.1     0.00 MiB       0.82 MiB
cachyos-extra-v3/libde265         1.1.2-1.1    1.1.3-1.1       0.03 MiB       0.50 MiB
cachyos-core-v3/libtirpc          1.3.7-1.1    1.3.8-1.1       0.00 MiB       0.18 MiB
cachyos-v3/linux-cachyos          7.2.4-3      7.2.5-1        11.49 MiB     160.01 MiB
cachyos-v3/linux-cachyos-headers  7.2.4-3      7.2.5-1        -0.01 MiB      32.32 MiB
cachyos-extra-v3/pahole           1:1.31-2.1   1:1.32-1.1      0.07 MiB       0.39 MiB
cachyos-extra-v3/qt6-declarative  6.11.2-1.1   6.11.2-2.1      0.01 MiB      17.72 MiB
cachyos-extra-v3/simdjson         1:4.6.9-1.1  1:4.6.11-1.1    0.01 MiB       0.28 MiB
cachyos-core-v3/tzdata            2026c-1.1    2026d-1.1       0.03 MiB       0.31 MiB

Total Download Size:   219.11 MiB
Total Installed Size:  481.96 MiB
Net Upgrade Size:       11.74 MiB

:: Proceed with installation? [Y/n] :: Retrieving packages...
 linux-cachyos-7.2.5-1-x86_64_v3 downloading...
 linux-cachyos-headers-7.2.5-1-x86_64_v3 downloading...
 qt6-declarative-6.11.2-2.1-x86_64_v3 downloading...
 discord-1:1.0.158-1-x86_64 downloading...
 bpf-7.2.6-1-x86_64 downloading...
 cachy-update-4.4.0-1-x86_64 downloading...
 libadwaita-1:1.9.4-1.1-x86_64_v3 downloading...
 gcr-4-4.4.1-1.1-x86_64_v3 downloading...
 libde265-1.1.3-1.1-x86_64_v3 downloading...
 pahole-1:1.32-1.1-x86_64_v3 downloading...
 tzdata-2026d-1.1-x86_64_v3 downloading...
 simdjson-1:4.6.11-1.1-x86_64_v3 downloading...
 cpupower-7.2.6-1-x86_64 downloading...
 libtirpc-1.3.8-1.1-x86_64_v3 downloading...
 lib32-libldap-2.7.1-1-x86_64 downloading...

Hangup signal received
[?25h
